Duplicated file found; will not be sent for synthesis: /home/harshad/Project/git/AJIT_Ethernet/boards/v0/ip/FIFO_Generators/FIFO_Generators.srcs/sources_1/ip/fifo_generator_acb_resp/hdl/blk_mem_gen_v8_3_vhsyn_rfs.vhd
Duplicated file found; will not be sent for synthesis: /home/harshad/Project/git/AJIT_Ethernet/boards/v0/ip/FIFO_Generators/FIFO_Generators.srcs/sources_1/ip/fifo_generator_acb_resp/hdl/fifo_generator_v13_1_vhsyn_rfs.vhd
Duplicated file found; will not be sent for synthesis: /home/harshad/Project/git/AJIT_Ethernet/boards/v0/ip/FIFO_Generators/FIFO_Generators.srcs/sources_1/ip/fifo_generator_afb_req/hdl/blk_mem_gen_v8_3_vhsyn_rfs.vhd
Duplicated file found; will not be sent for synthesis: /home/harshad/Project/git/AJIT_Ethernet/boards/v0/ip/FIFO_Generators/FIFO_Generators.srcs/sources_1/ip/fifo_generator_afb_req/hdl/fifo_generator_v13_1_vhsyn_rfs.vhd
Duplicated file found; will not be sent for synthesis: /home/harshad/Project/git/AJIT_Ethernet/boards/v0/ip/FIFO_Generators/FIFO_Generators.srcs/sources_1/ip/fifo_generator_afb_resp/hdl/blk_mem_gen_v8_3_vhsyn_rfs.vhd
Duplicated file found; will not be sent for synthesis: /home/harshad/Project/git/AJIT_Ethernet/boards/v0/ip/FIFO_Generators/FIFO_Generators.srcs/sources_1/ip/fifo_generator_afb_resp/hdl/fifo_generator_v13_1_vhsyn_rfs.vhd
CRC performance measure: elapsed=00:00:00.21s;;memory_peak=3232.707MB;;memory_gain=0.000MB
