Copyright 1986-2017 Xilinx, Inc. All Rights Reserved.
----------------------------------------------------------------------------------------------------------------------------------------------------------------------------------------------------------------------------------------
| Tool Version     : Vivado v.2017.1 (lin64) Build 1846317 Fri Apr 14 18:54:47 MDT 2017
| Date             : Tue Nov  8 12:00:00 2022
| Host             : ajit-System-Product-Name running 64-bit Ubuntu 20.04.4 LTS
| Command          : report_power -file tri_mode_ethernet_mac_0_example_design_power_routed.rpt -pb tri_mode_ethernet_mac_0_example_design_power_summary_routed.pb -rpx tri_mode_ethernet_mac_0_example_design_power_routed.rpx
| Design           : tri_mode_ethernet_mac_0_example_design
| Device           : xc7k325tffg900-2
| Design State     : routed
| Grade            : commercial
| Process          : typical
| Characterization : Production
----------------------------------------------------------------------------------------------------------------------------------------------------------------------------------------------------------------------------------------

Power Report

Table of Contents
-----------------
1. Summary
1.1 On-Chip Components
1.2 Power Supply Summary
1.3 Confidence Level
2. Settings
2.1 Environment
2.2 Clock Constraints
3. Detailed Reports
3.1 By Hierarchy

1. Summary
----------

+--------------------------+-------+
| Total On-Chip Power (W)  | 0.436 |
| Dynamic (W)              | 0.274 |
| Device Static (W)        | 0.162 |
| Total Off-Chip Power (W) | 0.007 |
| Effective TJA (C/W)      | 1.8   |
| Max Ambient (C)          | 84.2  |
| Junction Temperature (C) | 25.8  |
| Confidence Level         | Low   |
| Setting File             | ---   |
| Simulation Activity File | ---   |
| Design Nets Matched      | NA    |
+--------------------------+-------+


1.1 On-Chip Components
----------------------

+--------------------------+-----------+----------+-----------+-----------------+
| On-Chip                  | Power (W) | Used     | Available | Utilization (%) |
+--------------------------+-----------+----------+-----------+-----------------+
| Clocks                   |     0.034 |       13 |       --- |             --- |
| Slice Logic              |     0.008 |     7728 |       --- |             --- |
|   LUT as Logic           |     0.006 |     2333 |    203800 |            1.14 |
|   LUT as Distributed RAM |    <0.001 |      356 |     64000 |            0.56 |
|   Register               |    <0.001 |     4014 |    407600 |            0.98 |
|   CARRY4                 |    <0.001 |       99 |     50950 |            0.19 |
|   LUT as Shift Register  |    <0.001 |       26 |     64000 |            0.04 |
|   F7/F8 Muxes            |    <0.001 |       16 |    203800 |           <0.01 |
|   Others                 |     0.000 |      427 |       --- |             --- |
| Signals                  |     0.011 |     5460 |       --- |             --- |
| Block RAM                |     0.005 |        2 |       445 |            0.45 |
| MMCM                     |     0.195 |        2 |        10 |           20.00 |
| I/O                      |     0.022 |       34 |       500 |            6.80 |
| Static Power             |     0.162 |          |           |                 |
| Total                    |     0.436 |          |           |                 |
+--------------------------+-----------+----------+-----------+-----------------+


1.2 Power Supply Summary
------------------------

+-----------+-------------+-----------+-------------+------------+
| Source    | Voltage (V) | Total (A) | Dynamic (A) | Static (A) |
+-----------+-------------+-----------+-------------+------------+
| Vccint    |       1.000 |     0.130 |       0.061 |      0.069 |
| Vccaux    |       1.800 |     0.140 |       0.112 |      0.028 |
| Vcco33    |       3.300 |     0.000 |       0.000 |      0.000 |
| Vcco25    |       2.500 |     0.004 |       0.003 |      0.001 |
| Vcco18    |       1.800 |     0.000 |       0.000 |      0.000 |
| Vcco15    |       1.500 |     0.008 |       0.007 |      0.001 |
| Vcco135   |       1.350 |     0.000 |       0.000 |      0.000 |
| Vcco12    |       1.200 |     0.000 |       0.000 |      0.000 |
| Vccaux_io |       1.800 |     0.000 |       0.000 |      0.000 |
| Vccbram   |       1.000 |     0.002 |       0.000 |      0.001 |
| MGTAVcc   |       1.000 |     0.000 |       0.000 |      0.000 |
| MGTAVtt   |       1.200 |     0.000 |       0.000 |      0.000 |
| MGTVccaux |       1.800 |     0.000 |       0.000 |      0.000 |
| Vccadc    |       1.800 |     0.020 |       0.000 |      0.020 |
+-----------+-------------+-----------+-------------+------------+


1.3 Confidence Level
--------------------

+-----------------------------+------------+--------------------------------------------------------+------------------------------------------------------------------------------------------------------------+
| User Input Data             | Confidence | Details                                                | Action                                                                                                     |
+-----------------------------+------------+--------------------------------------------------------+------------------------------------------------------------------------------------------------------------+
| Design implementation state | High       | Design is routed                                       |                                                                                                            |
| Clock nodes activity        | High       | User specified more than 95% of clocks                 |                                                                                                            |
| I/O nodes activity          | Low        | More than 75% of inputs are missing user specification | Provide missing input activity with simulation results or by editing the "By Resource Type -> I/Os" view   |
| Internal nodes activity     | Medium     | User specified less than 25% of internal nodes         | Provide missing internal nodes activity with simulation results or by editing the "By Resource Type" views |
| Device models               | High       | Device models are Production                           |                                                                                                            |
|                             |            |                                                        |                                                                                                            |
| Overall confidence level    | Low        |                                                        |                                                                                                            |
+-----------------------------+------------+--------------------------------------------------------+------------------------------------------------------------------------------------------------------------+


2. Settings
-----------

2.1 Environment
---------------

+-----------------------+--------------------------+
| Ambient Temp (C)      | 25.0                     |
| ThetaJA (C/W)         | 1.8                      |
| Airflow (LFM)         | 250                      |
| Heat Sink             | medium (Medium Profile)  |
| ThetaSA (C/W)         | 3.3                      |
| Board Selection       | medium (10"x10")         |
| # of Board Layers     | 12to15 (12 to 15 Layers) |
| Board Temperature (C) | 25.0                     |
+-----------------------+--------------------------+


2.2 Clock Constraints
---------------------

+------------+--------------------------------------------------------------------------------------+-----------------+
| Clock      | Domain                                                                               | Constraint (ns) |
+------------+--------------------------------------------------------------------------------------+-----------------+
| clk_in_p   | clk_in_p                                                                             |             5.0 |
| clkfbout   | example_clocks/clock_generator/clkfbout                                              |             5.0 |
| clkfbout_1 | trimac_fifo_block/trimac_sup_block/tri_mode_ethernet_mac_support_clocking_i/clkfbout |             8.0 |
| clkout0    | example_clocks/clock_generator/clkout0                                               |             8.0 |
| clkout0_1  | trimac_fifo_block/trimac_sup_block/tri_mode_ethernet_mac_support_clocking_i/clkout0  |             8.0 |
| clkout1    | example_clocks/clock_generator/clkout1                                               |            10.0 |
| clkout1_1  | trimac_fifo_block/trimac_sup_block/tri_mode_ethernet_mac_support_clocking_i/clkout1  |             8.0 |
| clkout2    | example_clocks/clock_generator/clkout2                                               |             5.0 |
| rgmii_rxc  | rgmii_rxc                                                                            |             8.0 |
+------------+--------------------------------------------------------------------------------------+-----------------+


3. Detailed Reports
-------------------

3.1 By Hierarchy
----------------

+--------------------------------------------------------------+-----------+
| Name                                                         | Power (W) |
+--------------------------------------------------------------+-----------+
| tri_mode_ethernet_mac_0_example_design                       |     0.274 |
|   axi_lite_controller                                        |     0.002 |
|     update_speed_sync_inst                                   |    <0.001 |
|   basic_pat_gen_inst                                         |     0.005 |
|     address_swap_inst                                        |     0.001 |
|       ram_loop[0].RAM64X1D_inst                              |    <0.001 |
|       ram_loop[1].RAM64X1D_inst                              |    <0.001 |
|       ram_loop[2].RAM64X1D_inst                              |    <0.001 |
|       ram_loop[3].RAM64X1D_inst                              |    <0.001 |
|       ram_loop[4].RAM64X1D_inst                              |    <0.001 |
|       ram_loop[5].RAM64X1D_inst                              |    <0.001 |
|       ram_loop[6].RAM64X1D_inst                              |    <0.001 |
|       ram_loop[7].RAM64X1D_inst                              |    <0.001 |
|       ram_loop[8].RAM64X1D_inst                              |    <0.001 |
|     axi_pat_check_inst                                       |    <0.001 |
|     axi_pat_gen_inst                                         |     0.002 |
|     axi_pipe_inst                                            |    <0.001 |
|       RAM64X1D_inst_last                                     |    <0.001 |
|       ram_loop[0].RAM64X1D_inst                              |    <0.001 |
|       ram_loop[1].RAM64X1D_inst                              |    <0.001 |
|       ram_loop[2].RAM64X1D_inst                              |    <0.001 |
|       ram_loop[3].RAM64X1D_inst                              |    <0.001 |
|       ram_loop[4].RAM64X1D_inst                              |    <0.001 |
|       ram_loop[5].RAM64X1D_inst                              |    <0.001 |
|       ram_loop[6].RAM64X1D_inst                              |    <0.001 |
|       ram_loop[7].RAM64X1D_inst                              |    <0.001 |
|   example_clocks                                             |     0.114 |
|     clock_generator                                          |     0.109 |
|     lock_sync                                                |    <0.001 |
|     mmcm_reset_gen                                           |    <0.001 |
|   example_resets                                             |    <0.001 |
|     axi_lite_reset_gen                                       |    <0.001 |
|     chk_reset_gen                                            |    <0.001 |
|     dcm_sync                                                 |    <0.001 |
|     glbl_reset_gen                                           |    <0.001 |
|     gtx_reset_gen                                            |    <0.001 |
|   rx_stats_sync                                              |    <0.001 |
|   trimac_fifo_block                                          |     0.146 |
|     rx_mac_reset_gen                                         |    <0.001 |
|     trimac_sup_block                                         |     0.136 |
|       tri_mode_ethernet_mac_i                                |     0.047 |
|         inst                                                 |     0.047 |
|           axi4_lite_ipif                                     |    <0.001 |
|             axi4_lite_ipif_top_wrapper                       |    <0.001 |
|               axi_lite_top                                   |    <0.001 |
|                 I_SLAVE_ATTACHMENT                           |    <0.001 |
|                   I_DECODER                                  |    <0.001 |
|           enable_gen                                         |     0.001 |
|             reset90gen                                       |    <0.001 |
|             txspeedis100gen                                  |    <0.001 |
|             txspeedis10100gen                                |    <0.001 |
|           rgmii_interface                                    |     0.015 |
|             mdio_iobuf                                       |    <0.001 |
|           rxspeedis10100gen                                  |    <0.001 |
|           tri_mode_ethernet_mac_0_core                       |     0.029 |
|             addr_filter_top                                  |     0.003 |
|               address_filter_inst                            |     0.003 |
|                 addr_regs.unicast_address_compare            |    <0.001 |
|                   byte_wide_ram[0].header_compare_dist_ram   |    <0.001 |
|                   byte_wide_ram[0].header_field_dist_ram     |    <0.001 |
|                   byte_wide_ram[1].header_compare_dist_ram   |    <0.001 |
|                   byte_wide_ram[1].header_field_dist_ram     |    <0.001 |
|                   byte_wide_ram[2].header_compare_dist_ram   |    <0.001 |
|                   byte_wide_ram[2].header_field_dist_ram     |    <0.001 |
|                   byte_wide_ram[3].header_compare_dist_ram   |    <0.001 |
|                   byte_wide_ram[3].header_field_dist_ram     |    <0.001 |
|                   byte_wide_ram[4].header_compare_dist_ram   |    <0.001 |
|                   byte_wide_ram[4].header_field_dist_ram     |    <0.001 |
|                   byte_wide_ram[5].header_compare_dist_ram   |    <0.001 |
|                   byte_wide_ram[5].header_field_dist_ram     |    <0.001 |
|                   byte_wide_ram[6].header_compare_dist_ram   |    <0.001 |
|                   byte_wide_ram[6].header_field_dist_ram     |    <0.001 |
|                   byte_wide_ram[7].header_compare_dist_ram   |    <0.001 |
|                   byte_wide_ram[7].header_field_dist_ram     |    <0.001 |
|                 address_filters[0].configurable_addresses    |    <0.001 |
|                   byte_wide_ram[0].header_compare_dist_ram   |    <0.001 |
|                   byte_wide_ram[0].header_field_dist_ram     |    <0.001 |
|                   byte_wide_ram[1].header_compare_dist_ram   |    <0.001 |
|                   byte_wide_ram[1].header_field_dist_ram     |    <0.001 |
|                   byte_wide_ram[2].header_compare_dist_ram   |    <0.001 |
|                   byte_wide_ram[2].header_field_dist_ram     |    <0.001 |
|                   byte_wide_ram[3].header_compare_dist_ram   |    <0.001 |
|                   byte_wide_ram[3].header_field_dist_ram     |    <0.001 |
|                   byte_wide_ram[4].header_compare_dist_ram   |    <0.001 |
|                   byte_wide_ram[4].header_field_dist_ram     |    <0.001 |
|                   byte_wide_ram[5].header_compare_dist_ram   |    <0.001 |
|                   byte_wide_ram[5].header_field_dist_ram     |    <0.001 |
|                   byte_wide_ram[6].header_compare_dist_ram   |    <0.001 |
|                   byte_wide_ram[6].header_field_dist_ram     |    <0.001 |
|                   byte_wide_ram[7].header_compare_dist_ram   |    <0.001 |
|                   byte_wide_ram[7].header_field_dist_ram     |    <0.001 |
|                 address_filters[0].sync_enable               |    <0.001 |
|                 address_filters[1].configurable_addresses    |    <0.001 |
|                   byte_wide_ram[0].header_compare_dist_ram   |    <0.001 |
|                   byte_wide_ram[0].header_field_dist_ram     |    <0.001 |
|                   byte_wide_ram[1].header_compare_dist_ram   |    <0.001 |
|                   byte_wide_ram[1].header_field_dist_ram     |    <0.001 |
|                   byte_wide_ram[2].header_compare_dist_ram   |    <0.001 |
|                   byte_wide_ram[2].header_field_dist_ram     |    <0.001 |
|                   byte_wide_ram[3].header_compare_dist_ram   |    <0.001 |
|                   byte_wide_ram[3].header_field_dist_ram     |    <0.001 |
|                   byte_wide_ram[4].header_compare_dist_ram   |    <0.001 |
|                   byte_wide_ram[4].header_field_dist_ram     |    <0.001 |
|                   byte_wide_ram[5].header_compare_dist_ram   |    <0.001 |
|                   byte_wide_ram[5].header_field_dist_ram     |    <0.001 |
|                   byte_wide_ram[6].header_compare_dist_ram   |    <0.001 |
|                   byte_wide_ram[6].header_field_dist_ram     |    <0.001 |
|                   byte_wide_ram[7].header_compare_dist_ram   |    <0.001 |
|                   byte_wide_ram[7].header_field_dist_ram     |    <0.001 |
|                 address_filters[1].sync_enable               |    <0.001 |
|                 address_filters[2].configurable_addresses    |    <0.001 |
|                   byte_wide_ram[0].header_compare_dist_ram   |    <0.001 |
|                   byte_wide_ram[0].header_field_dist_ram     |    <0.001 |
|                   byte_wide_ram[1].header_compare_dist_ram   |    <0.001 |
|                   byte_wide_ram[1].header_field_dist_ram     |    <0.001 |
|                   byte_wide_ram[2].header_compare_dist_ram   |    <0.001 |
|                   byte_wide_ram[2].header_field_dist_ram     |    <0.001 |
|                   byte_wide_ram[3].header_compare_dist_ram   |    <0.001 |
|                   byte_wide_ram[3].header_field_dist_ram     |    <0.001 |
|                   byte_wide_ram[4].header_compare_dist_ram   |    <0.001 |
|                   byte_wide_ram[4].header_field_dist_ram     |    <0.001 |
|                   byte_wide_ram[5].header_compare_dist_ram   |    <0.001 |
|                   byte_wide_ram[5].header_field_dist_ram     |    <0.001 |
|                   byte_wide_ram[6].header_compare_dist_ram   |    <0.001 |
|                   byte_wide_ram[6].header_field_dist_ram     |    <0.001 |
|                   byte_wide_ram[7].header_compare_dist_ram   |    <0.001 |
|                   byte_wide_ram[7].header_field_dist_ram     |    <0.001 |
|                 address_filters[2].sync_enable               |    <0.001 |
|                 address_filters[3].configurable_addresses    |    <0.001 |
|                   byte_wide_ram[0].header_compare_dist_ram   |    <0.001 |
|                   byte_wide_ram[0].header_field_dist_ram     |    <0.001 |
|                   byte_wide_ram[1].header_compare_dist_ram   |    <0.001 |
|                   byte_wide_ram[1].header_field_dist_ram     |    <0.001 |
|                   byte_wide_ram[2].header_compare_dist_ram   |    <0.001 |
|                   byte_wide_ram[2].header_field_dist_ram     |    <0.001 |
|                   byte_wide_ram[3].header_compare_dist_ram   |    <0.001 |
|                   byte_wide_ram[3].header_field_dist_ram     |    <0.001 |
|                   byte_wide_ram[4].header_compare_dist_ram   |    <0.001 |
|                   byte_wide_ram[4].header_field_dist_ram     |    <0.001 |
|                   byte_wide_ram[5].header_compare_dist_ram   |    <0.001 |
|                   byte_wide_ram[5].header_field_dist_ram     |    <0.001 |
|                   byte_wide_ram[6].header_compare_dist_ram   |    <0.001 |
|                   byte_wide_ram[6].header_field_dist_ram     |    <0.001 |
|                   byte_wide_ram[7].header_compare_dist_ram   |    <0.001 |
|                   byte_wide_ram[7].header_field_dist_ram     |    <0.001 |
|                 address_filters[3].sync_enable               |    <0.001 |
|                 byte_wide_ram[0].header_field_dist_ram       |    <0.001 |
|                 byte_wide_ram[1].header_field_dist_ram       |    <0.001 |
|                 byte_wide_ram[2].header_field_dist_ram       |    <0.001 |
|                 byte_wide_ram[3].header_field_dist_ram       |    <0.001 |
|                 byte_wide_ram[4].header_field_dist_ram       |    <0.001 |
|                 byte_wide_ram[5].header_field_dist_ram       |    <0.001 |
|                 byte_wide_ram[6].header_field_dist_ram       |    <0.001 |
|                 byte_wide_ram[7].header_field_dist_ram       |    <0.001 |
|                 resync_promiscuous_mode                      |    <0.001 |
|                 sync_update                                  |    <0.001 |
|             flow                                             |     0.002 |
|               pfc_tx                                         |    <0.001 |
|               rx                                             |    <0.001 |
|               rx_pause                                       |    <0.001 |
|               sync_rx_enable                                 |    <0.001 |
|               sync_tx_enable                                 |    <0.001 |
|               tx                                             |    <0.001 |
|               tx_pause                                       |    <0.001 |
|                 sync_good_rx                                 |    <0.001 |
|             gmii_mii_rx_gen                                  |    <0.001 |
|             gmii_mii_tx_gen                                  |    <0.001 |
|             intc_control.intc                                |    <0.001 |
|               gen_sync[0].sync_request                       |    <0.001 |
|             ipic_mux_inst                                    |    <0.001 |
|             man_block.managen                                |     0.002 |
|               conf                                           |     0.001 |
|               mdio_enabled.phy                               |    <0.001 |
|             man_reset.sync_bus2ip_reset_bus2ip_clk           |    <0.001 |
|             man_reset.sync_glbl_rstn_bus2ip_clk              |    <0.001 |
|             no_avb_tx_axi_intf.tx_axi_shim                   |     0.003 |
|             rx_axi_shim                                      |    <0.001 |
|             rxgen                                            |     0.003 |
|               CONFIG_SELECT.CALCULATE_CRC2                   |    <0.001 |
|                 CRC1                                         |    <0.001 |
|                 CRC2                                         |    <0.001 |
|                 CRC3                                         |    <0.001 |
|                 CRC4                                         |    <0.001 |
|                 CRC5                                         |    <0.001 |
|               CONFIG_SELECT.SPEED_0_SYNC                     |    <0.001 |
|               CONFIG_SELECT.SPEED_1_SYNC                     |    <0.001 |
|               FCS_CHECK                                      |    <0.001 |
|               FRAME_CHECKER                                  |    <0.001 |
|               FRAME_DECODER                                  |    <0.001 |
|               RX_SM                                          |    <0.001 |
|             stats_block.statistics_counters                  |     0.012 |
|               fast_statistic_control[0].fast_statistics      |    <0.001 |
|                 sync_inc_vector                              |    <0.001 |
|               fast_statistic_control[1].fast_statistics      |    <0.001 |
|                 sync_inc_vector                              |    <0.001 |
|               fast_statistic_control[2].fast_statistics      |    <0.001 |
|                 sync_inc_vector                              |    <0.001 |
|               fast_statistic_control[3].fast_statistics      |    <0.001 |
|                 sync_inc_vector                              |    <0.001 |
|               frame_size_bin_control1[10].frame_size_stats1  |    <0.001 |
|                 sync_inc_vector                              |    <0.001 |
|               frame_size_bin_control1[4].frame_size_stats1   |    <0.001 |
|                 sync_inc_vector                              |    <0.001 |
|               frame_size_bin_control1[5].frame_size_stats1   |    <0.001 |
|                 sync_inc_vector                              |    <0.001 |
|               frame_size_bin_control1[6].frame_size_stats1   |    <0.001 |
|                 sync_inc_vector                              |    <0.001 |
|               frame_size_bin_control1[7].frame_size_stats1   |    <0.001 |
|                 sync_inc_vector                              |    <0.001 |
|               frame_size_bin_control1[8].frame_size_stats1   |    <0.001 |
|                 sync_inc_vector                              |    <0.001 |
|               frame_size_bin_control1[9].frame_size_stats1   |    <0.001 |
|                 sync_inc_vector                              |    <0.001 |
|               frame_size_bin_control2[11].frame_size_stats2  |    <0.001 |
|                 sync_inc_vector                              |    <0.001 |
|               frame_size_bin_control2[12].frame_size_stats2  |    <0.001 |
|                 sync_inc_vector                              |    <0.001 |
|               frame_size_bin_control2[13].frame_size_stats2  |    <0.001 |
|                 sync_inc_vector                              |    <0.001 |
|               frame_size_bin_control2[14].frame_size_stats2  |    <0.001 |
|                 sync_inc_vector                              |    <0.001 |
|               frame_size_bin_control2[15].frame_size_stats2  |    <0.001 |
|                 sync_inc_vector                              |    <0.001 |
|               frame_size_bin_control2[16].frame_size_stats2  |    <0.001 |
|                 sync_inc_vector                              |    <0.001 |
|               frame_size_bin_control2[17].frame_size_stats2  |    <0.001 |
|                 sync_inc_vector                              |    <0.001 |
|               gen_distributed_mem[0].RAM64X1D_inst           |    <0.001 |
|               gen_distributed_mem[10].RAM64X1D_inst          |    <0.001 |
|               gen_distributed_mem[11].RAM64X1D_inst          |    <0.001 |
|               gen_distributed_mem[12].RAM64X1D_inst          |    <0.001 |
|               gen_distributed_mem[13].RAM64X1D_inst          |    <0.001 |
|               gen_distributed_mem[14].RAM64X1D_inst          |    <0.001 |
|               gen_distributed_mem[15].RAM64X1D_inst          |    <0.001 |
|               gen_distributed_mem[16].RAM64X1D_inst          |    <0.001 |
|               gen_distributed_mem[17].RAM64X1D_inst          |    <0.001 |
|               gen_distributed_mem[18].RAM64X1D_inst          |    <0.001 |
|               gen_distributed_mem[19].RAM64X1D_inst          |    <0.001 |
|               gen_distributed_mem[1].RAM64X1D_inst           |    <0.001 |
|               gen_distributed_mem[20].RAM64X1D_inst          |    <0.001 |
|               gen_distributed_mem[21].RAM64X1D_inst          |    <0.001 |
|               gen_distributed_mem[22].RAM64X1D_inst          |    <0.001 |
|               gen_distributed_mem[23].RAM64X1D_inst          |    <0.001 |
|               gen_distributed_mem[24].RAM64X1D_inst          |    <0.001 |
|               gen_distributed_mem[25].RAM64X1D_inst          |    <0.001 |
|               gen_distributed_mem[26].RAM64X1D_inst          |    <0.001 |
|               gen_distributed_mem[27].RAM64X1D_inst          |    <0.001 |
|               gen_distributed_mem[28].RAM64X1D_inst          |    <0.001 |
|               gen_distributed_mem[29].RAM64X1D_inst          |    <0.001 |
|               gen_distributed_mem[2].RAM64X1D_inst           |    <0.001 |
|               gen_distributed_mem[30].RAM64X1D_inst          |    <0.001 |
|               gen_distributed_mem[31].RAM64X1D_inst          |    <0.001 |
|               gen_distributed_mem[32].RAM64X1D_inst          |    <0.001 |
|               gen_distributed_mem[33].RAM64X1D_inst          |    <0.001 |
|               gen_distributed_mem[34].RAM64X1D_inst          |    <0.001 |
|               gen_distributed_mem[35].RAM64X1D_inst          |    <0.001 |
|               gen_distributed_mem[36].RAM64X1D_inst          |    <0.001 |
|               gen_distributed_mem[37].RAM64X1D_inst          |    <0.001 |
|               gen_distributed_mem[38].RAM64X1D_inst          |    <0.001 |
|               gen_distributed_mem[39].RAM64X1D_inst          |    <0.001 |
|               gen_distributed_mem[3].RAM64X1D_inst           |    <0.001 |
|               gen_distributed_mem[40].RAM64X1D_inst          |    <0.001 |
|               gen_distributed_mem[41].RAM64X1D_inst          |    <0.001 |
|               gen_distributed_mem[42].RAM64X1D_inst          |    <0.001 |
|               gen_distributed_mem[43].RAM64X1D_inst          |    <0.001 |
|               gen_distributed_mem[44].RAM64X1D_inst          |    <0.001 |
|               gen_distributed_mem[45].RAM64X1D_inst          |    <0.001 |
|               gen_distributed_mem[46].RAM64X1D_inst          |    <0.001 |
|               gen_distributed_mem[47].RAM64X1D_inst          |    <0.001 |
|               gen_distributed_mem[48].RAM64X1D_inst          |    <0.001 |
|               gen_distributed_mem[49].RAM64X1D_inst          |    <0.001 |
|               gen_distributed_mem[4].RAM64X1D_inst           |    <0.001 |
|               gen_distributed_mem[50].RAM64X1D_inst          |    <0.001 |
|               gen_distributed_mem[51].RAM64X1D_inst          |    <0.001 |
|               gen_distributed_mem[52].RAM64X1D_inst          |    <0.001 |
|               gen_distributed_mem[53].RAM64X1D_inst          |    <0.001 |
|               gen_distributed_mem[54].RAM64X1D_inst          |    <0.001 |
|               gen_distributed_mem[55].RAM64X1D_inst          |    <0.001 |
|               gen_distributed_mem[56].RAM64X1D_inst          |    <0.001 |
|               gen_distributed_mem[57].RAM64X1D_inst          |    <0.001 |
|               gen_distributed_mem[58].RAM64X1D_inst          |    <0.001 |
|               gen_distributed_mem[59].RAM64X1D_inst          |    <0.001 |
|               gen_distributed_mem[5].RAM64X1D_inst           |    <0.001 |
|               gen_distributed_mem[60].RAM64X1D_inst          |    <0.001 |
|               gen_distributed_mem[61].RAM64X1D_inst          |    <0.001 |
|               gen_distributed_mem[62].RAM64X1D_inst          |    <0.001 |
|               gen_distributed_mem[63].RAM64X1D_inst          |    <0.001 |
|               gen_distributed_mem[6].RAM64X1D_inst           |    <0.001 |
|               gen_distributed_mem[7].RAM64X1D_inst           |    <0.001 |
|               gen_distributed_mem[8].RAM64X1D_inst           |    <0.001 |
|               gen_distributed_mem[9].RAM64X1D_inst           |    <0.001 |
|               gen_distributed_parity[0].RAM64X1D_inst        |    <0.001 |
|               gen_distributed_parity[1].RAM64X1D_inst        |    <0.001 |
|               gen_distributed_parity[2].RAM64X1D_inst        |    <0.001 |
|               gen_distributed_parity[3].RAM64X1D_inst        |    <0.001 |
|               gen_distributed_parity[4].RAM64X1D_inst        |    <0.001 |
|               gen_distributed_parity[5].RAM64X1D_inst        |    <0.001 |
|               gen_distributed_parity[6].RAM64X1D_inst        |    <0.001 |
|               gen_distributed_parity[7].RAM64X1D_inst        |    <0.001 |
|               general_statisic_control[18].general_statisics |    <0.001 |
|                 sync_inc_vector                              |    <0.001 |
|               general_statisic_control[19].general_statisics |    <0.001 |
|                 sync_inc_vector                              |    <0.001 |
|               general_statisic_control[20].general_statisics |    <0.001 |
|                 sync_inc_vector                              |    <0.001 |
|               general_statisic_control[21].general_statisics |    <0.001 |
|                 sync_inc_vector                              |    <0.001 |
|               general_statisic_control[22].general_statisics |    <0.001 |
|                 sync_inc_vector                              |    <0.001 |
|               general_statisic_control[23].general_statisics |    <0.001 |
|                 sync_inc_vector                              |    <0.001 |
|               general_statisic_control[24].general_statisics |    <0.001 |
|                 sync_inc_vector                              |    <0.001 |
|               general_statisic_control[25].general_statisics |    <0.001 |
|                 sync_inc_vector                              |    <0.001 |
|               general_statisic_control[26].general_statisics |    <0.001 |
|                 sync_inc_vector                              |    <0.001 |
|               general_statisic_control[27].general_statisics |    <0.001 |
|                 sync_inc_vector                              |    <0.001 |
|               general_statisic_control[28].general_statisics |    <0.001 |
|                 sync_inc_vector                              |    <0.001 |
|               general_statisic_control[29].general_statisics |    <0.001 |
|                 sync_inc_vector                              |    <0.001 |
|               general_statisic_control[30].general_statisics |    <0.001 |
|                 sync_inc_vector                              |    <0.001 |
|               general_statisic_control[31].general_statisics |    <0.001 |
|                 sync_inc_vector                              |    <0.001 |
|               general_statisic_control[32].general_statisics |    <0.001 |
|                 sync_inc_vector                              |    <0.001 |
|               general_statisic_control[33].general_statisics |    <0.001 |
|                 sync_inc_vector                              |    <0.001 |
|               rx_byte_counter                                |    <0.001 |
|                 SYNC_STATS_RESET                             |    <0.001 |
|                 accum_gray_resync[0].sync_accum_gray_i       |    <0.001 |
|                 accum_gray_resync[1].sync_accum_gray_i       |    <0.001 |
|                 accum_gray_resync[2].sync_accum_gray_i       |    <0.001 |
|                 accum_gray_resync[3].sync_accum_gray_i       |    <0.001 |
|                 accum_gray_resync[4].sync_accum_gray_i       |    <0.001 |
|                 accum_gray_resync[5].sync_accum_gray_i       |    <0.001 |
|                 accum_gray_resync[6].sync_accum_gray_i       |    <0.001 |
|                 accum_gray_resync[7].sync_accum_gray_i       |    <0.001 |
|               rx_fragment_counter                            |    <0.001 |
|                 SYNC_STATS_RESET                             |    <0.001 |
|                 accum_gray_resync[0].sync_accum_gray_i       |    <0.001 |
|                 accum_gray_resync[1].sync_accum_gray_i       |    <0.001 |
|                 accum_gray_resync[2].sync_accum_gray_i       |    <0.001 |
|                 accum_gray_resync[3].sync_accum_gray_i       |    <0.001 |
|                 accum_gray_resync[4].sync_accum_gray_i       |    <0.001 |
|                 accum_gray_resync[5].sync_accum_gray_i       |    <0.001 |
|                 accum_gray_resync[6].sync_accum_gray_i       |    <0.001 |
|                 accum_gray_resync[7].sync_accum_gray_i       |    <0.001 |
|               rx_undersized_counter                          |    <0.001 |
|                 SYNC_STATS_RESET                             |    <0.001 |
|                 accum_gray_resync[0].sync_accum_gray_i       |    <0.001 |
|                 accum_gray_resync[1].sync_accum_gray_i       |    <0.001 |
|                 accum_gray_resync[2].sync_accum_gray_i       |    <0.001 |
|                 accum_gray_resync[3].sync_accum_gray_i       |    <0.001 |
|                 accum_gray_resync[4].sync_accum_gray_i       |    <0.001 |
|                 accum_gray_resync[5].sync_accum_gray_i       |    <0.001 |
|                 accum_gray_resync[6].sync_accum_gray_i       |    <0.001 |
|                 accum_gray_resync[7].sync_accum_gray_i       |    <0.001 |
|               sync_request                                   |    <0.001 |
|               sync_response                                  |    <0.001 |
|               tx_byte_counter                                |    <0.001 |
|                 SYNC_STATS_RESET                             |    <0.001 |
|                 accum_gray_resync[0].sync_accum_gray_i       |    <0.001 |
|                 accum_gray_resync[1].sync_accum_gray_i       |    <0.001 |
|                 accum_gray_resync[2].sync_accum_gray_i       |    <0.001 |
|                 accum_gray_resync[3].sync_accum_gray_i       |    <0.001 |
|                 accum_gray_resync[4].sync_accum_gray_i       |    <0.001 |
|                 accum_gray_resync[5].sync_accum_gray_i       |    <0.001 |
|                 accum_gray_resync[6].sync_accum_gray_i       |    <0.001 |
|                 accum_gray_resync[7].sync_accum_gray_i       |    <0.001 |
|             sync_axi_rx_rstn_rx_clk                          |    <0.001 |
|             sync_glbl_rstn_rx_clk                            |    <0.001 |
|             sync_glbl_rstn_tx_clk                            |    <0.001 |
|             sync_int_rx_rst_mgmt_rx_clk                      |    <0.001 |
|             sync_int_tx_rst_mgmt_tx_clk                      |    <0.001 |
|             sync_stats_reset                                 |    <0.001 |
|             sync_tx_axi_rstn_tx_clk                          |    <0.001 |
|             txgen                                            |     0.003 |
|               CONFIG_SELECT.CRCGEN2                          |    <0.001 |
|                 CRC1                                         |    <0.001 |
|                 CRC2                                         |    <0.001 |
|                 CRC3                                         |    <0.001 |
|                 CRC4                                         |    <0.001 |
|                 CRC5                                         |    <0.001 |
|               CONFIG_SELECT.SPEED_0_SYNC                     |    <0.001 |
|               CONFIG_SELECT.SPEED_1_SYNC                     |    <0.001 |
|               TX_SM1                                         |     0.002 |
|                 CRCGEN                                       |    <0.001 |
|           tx_reset90_sync                                    |    <0.001 |
|           vector_decode_inst                                 |    <0.001 |
|       tri_mode_ethernet_mac_support_clocking_i               |     0.087 |
|       tri_mode_ethernet_mac_support_resets_i                 |     0.002 |
|         gtx_mmcm_reset_gen                                   |    <0.001 |
|         idelayctrl_reset_gen                                 |    <0.001 |
|         lock_sync                                            |    <0.001 |
|     tx_mac_reset_gen                                         |    <0.001 |
|     user_side_FIFO                                           |     0.010 |
|       rx_fifo_i                                              |     0.004 |
|         resync_wr_store_frame_tog                            |    <0.001 |
|         rx_ramgen_i                                          |     0.002 |
|         sync_rd_addr_tog                                     |    <0.001 |
|       tx_fifo_i                                              |     0.006 |
|         resync_fif_valid_tog                                 |    <0.001 |
|         resync_rd_tran_frame_tog                             |    <0.001 |
|         resync_rd_txfer_tog                                  |    <0.001 |
|         resync_wr_frame_in_fifo                              |    <0.001 |
|         resync_wr_frames_in_fifo                             |    <0.001 |
|         tx_ramgen_i                                          |     0.003 |
|   tx_stats_sync                                              |    <0.001 |
+--------------------------------------------------------------+-----------+


